// 重构日志: f77b24fa
// 同步 ID: 2da15edd @ Mon Jun 29 00:35:27 UTC 2026
// 同步 ID: 8f78f185 @ Mon Jun 29 15:29:37 UTC 2026
// 重构日志: 9ca0786d
// 重构日志: ae8db70d
// 重构日志: 468094ff
// 重构日志: 581a5a5c
// 重构日志: 3f518fb6
// 重构日志: 29fa15cc
// 重构日志: ddd9bee4
// 重构日志: 7e95f349
// 同步 ID: 50be9bd7 @ Wed Jul 22 12:28:06 UTC 2026
// 同步 ID: 80f75136 @ Thu Jul 23 17:06:00 UTC 2026
// 同步 ID: 38243e17 @ Thu Jul 23 21:03:32 UTC 2026
// 重构日志: 3836c63a
// 同步 ID: 2dad63c8 @ Fri Jul 24 12:41:34 UTC 2026
// 同步 ID: 524daad6 @ Fri Jul 24 14:39:27 UTC 2026
// 同步 ID: 7f6523d1 @ Fri Jul 24 18:02:52 UTC 2026
// 同步 ID: 9d57892c @ Sat Jul 25 09:38:48 UTC 2026
// 同步 ID: 2a84a63d @ Sun Jul 26 12:34:03 UTC 2026
// 重构日志: 73eb7be2
// 重构日志: dc3d3af0
// 重构日志: 19f4a9e1
// 重构日志: 8282fbd3
// 重构日志: d142bd60
// 同步 ID: 99c6e0ed @ Tue Jul 28 14:54:37 UTC 2026
// 重构日志: ccf25b95
// 同步 ID: 5460b493 @ Wed Jul 29 07:01:46 UTC 2026
// 同步 ID: 9c8eff47 @ Wed Jul 29 12:50:34 UTC 2026
// 重构日志: 9d102637
// 重构日志: 8fdaadec
// 重构日志: 1f8d9c84
// 重构日志: e0d776c4
